
> epidom@1.0.0 build C:\Users\thoriq\Documents\dev\work\freelance\epidom
> next build

   ▲ Next.js 15.5.4
   - Environments: .env

   Creating an optimized production build ...
 ✓ Compiled successfully in 22.3s
   Linting and checking validity of types ...

 ⚠ The Next.js plugin was not detected in your ESLint configuration. See https://nextjs.org/docs/app/api-reference/config/eslint#migrating-existing-config
Failed to compile.

./src/features/landing/components/waitlist-dialog.tsx:19:81
Type error: An import path can only end with a '.ts' extension when 'allowImportingTsExtensions' is enabled.

[0m [90m 17 |[39m [36mimport[39m { useToast } [36mfrom[39m [32m"@/hooks/use-toast"[39m[33m;[39m
 [90m 18 |[39m [36mimport[39m { useI18n } [36mfrom[39m [32m"@/components/lang/i18n-provider"[39m[33m;[39m
[31m[1m>[22m[39m[90m 19 |[39m [36mimport[39m { validateWaitlistForm[33m,[39m waitlistRateLimiter[33m,[39m type [33mValidationError[39m } [36mfrom[39m [32m"@/lib/validation.ts"[39m[33m;[39m
 [90m    |[39m                                                                                 [31m[1m^[22m[39m
 [90m 20 |[39m
 [90m 21 |[39m [36minterface[39m [33mWaitlistDialogProps[39m {
 [90m 22 |[39m   variant[33m?[39m[33m:[39m [32m"default"[39m [33m|[39m [32m"home"[39m [33m|[39m [32m"sidebar"[39m[33m;[39m[0m
Next.js build worker exited with code: 1 and signal: null
 ELIFECYCLE  Command failed with exit code 1.
